NAME      SIZE (MB)  CREATED                        STATUS
random    10         2021-07-19 22:29:19 -0400 EDT  Up 27 minutes
multiple  123        2021-07-19 22:29:21 -0400 EDT  Up 56 minutes
