NAME      SIZE (MB)  CREATED                        STATUS
sample1   10         2021-07-20 02:29:19 +0000 UTC  
testMod2  10         2021-07-20 02:29:19 +0000 UTC  Up 27 minutes
