NAME      SIZE (MB)  CREATED                        STATUS
nested1   10         2021-07-20 02:29:19 +0000 UTC  
nested2   123        2021-07-20 02:29:21 +0000 UTC  Up 27 minutes
testMod2  123        2021-07-20 02:46:08 +0000 UTC  
